
Fetching 6 files:   0%|          | 0/6 [00:00<?, ?it/s]
Fetching 6 files: 100%|██████████| 6/6 [00:00<00:00, 74898.29it/s]

Fetching 6 files:   0%|          | 0/6 [00:00<?, ?it/s]
Fetching 6 files: 100%|██████████| 6/6 [00:00<00:00, 29296.65it/s]

  [c3] 6/200
  [c3] 12/200
  [c3] 18/200
  [c3] 24/200
  [c3] 30/200
  [c3] 36/200
  [c3] 42/200
  [c3] 48/200
  [c3] 54/200
  [c3] 60/200
  [c3] 66/200
  [c3] 72/200
  [c3] 78/200
  [c3] 84/200
  [c3] 90/200
  [c3] 96/200
  [c3] 102/200
  [c3] 108/200
  [c3] 114/200
  [c3] 120/200
  [c3] 126/200
  [c3] 132/200
  [c3] 138/200
  [c3] 144/200
  [c3] 150/200
  [c3] 156/200
  [c3] 162/200
  [c3] 168/200
  [c3] 174/200
  [c3] 180/200
  [c3] 186/200
  [c3] 192/200
  [c3] 198/200
  [c3] 200/200
  [c3] shard_000.npz: max|recomputed - stored| = 2.38e-07
  [c3] shard_001.npz: max|recomputed - stored| = 2.38e-07
  [c3] shard_002.npz: max|recomputed - stored| = 4.77e-07
  [c3] shard_003.npz: max|recomputed - stored| = 2.38e-07
  [d3] 6/200
  [d3] 12/200
  [d3] 18/200
  [d3] 24/200
  [d3] 30/200
  [d3] 36/200
  [d3] 42/200
  [d3] 48/200
  [d3] 54/200
  [d3] 60/200
  [d3] 66/200
  [d3] 72/200
  [d3] 78/200
  [d3] 84/200
  [d3] 90/200
  [d3] 96/200
  [d3] 102/200
  [d3] 108/200
  [d3] 114/200
  [d3] 120/200
  [d3] 126/200
  [d3] 132/200
  [d3] 138/200
  [d3] 144/200
  [d3] 150/200
  [d3] 156/200
  [d3] 162/200
  [d3] 168/200
  [d3] 174/200
  [d3] 180/200
  [d3] 186/200
  [d3] 192/200
  [d3] 198/200
  [d3] 200/200
  [d3] shard_000.npz: max|recomputed - stored| = 2.38e-07
  [d3] shard_001.npz: max|recomputed - stored| = 2.38e-07
  [d3] shard_002.npz: max|recomputed - stored| = 4.77e-07
  [d3] shard_003.npz: max|recomputed - stored| = 2.38e-07
done

