
Fetching 6 files:   0%|          | 0/6 [00:00<?, ?it/s]
Fetching 6 files: 100%|██████████| 6/6 [00:00<00:00, 29572.06it/s]

Fetching 6 files:   0%|          | 0/6 [00:00<?, ?it/s]
Fetching 6 files: 100%|██████████| 6/6 [00:00<00:00, 56425.61it/s]

  [a3] 6/200
  [a3] 12/200
  [a3] 18/200
  [a3] 24/200
  [a3] 30/200
  [a3] 36/200
  [a3] 42/200
  [a3] 48/200
  [a3] 54/200
  [a3] 60/200
  [a3] 66/200
  [a3] 72/200
  [a3] 78/200
  [a3] 84/200
  [a3] 90/200
  [a3] 96/200
  [a3] 102/200
  [a3] 108/200
  [a3] 114/200
  [a3] 120/200
  [a3] 126/200
  [a3] 132/200
  [a3] 138/200
  [a3] 144/200
  [a3] 150/200
  [a3] 156/200
  [a3] 162/200
  [a3] 168/200
  [a3] 174/200
  [a3] 180/200
  [a3] 186/200
  [a3] 192/200
  [a3] 198/200
  [a3] 200/200
  [a3] shard_000.npz: max|recomputed - stored| = 2.38e-07
  [a3] shard_001.npz: max|recomputed - stored| = 4.77e-07
  [a3] shard_002.npz: max|recomputed - stored| = 4.77e-07
  [a3] shard_003.npz: max|recomputed - stored| = 2.38e-07
  [b3] 6/200
  [b3] 12/200
  [b3] 18/200
  [b3] 24/200
  [b3] 30/200
  [b3] 36/200
  [b3] 42/200
  [b3] 48/200
  [b3] 54/200
  [b3] 60/200
  [b3] 66/200
  [b3] 72/200
  [b3] 78/200
  [b3] 84/200
  [b3] 90/200
  [b3] 96/200
  [b3] 102/200
  [b3] 108/200
  [b3] 114/200
  [b3] 120/200
  [b3] 126/200
  [b3] 132/200
  [b3] 138/200
  [b3] 144/200
  [b3] 150/200
  [b3] 156/200
  [b3] 162/200
  [b3] 168/200
  [b3] 174/200
  [b3] 180/200
  [b3] 186/200
  [b3] 192/200
  [b3] 198/200
  [b3] 200/200
  [b3] shard_000.npz: max|recomputed - stored| = 4.77e-07
  [b3] shard_001.npz: max|recomputed - stored| = 4.77e-07
  [b3] shard_002.npz: max|recomputed - stored| = 2.38e-07
  [b3] shard_003.npz: max|recomputed - stored| = 4.77e-07
done

