[exp1b] tags=['h32a', 'h32b']
[exp1b] 14400 examples, target=A_pertok

  bin t/T=0.10 done
  bin t/T=0.20 done
  bin t/T=0.30 done
  bin t/T=0.40 done
  bin t/T=0.50 done
  bin t/T=0.60 done

Delta WITHIN-STATE R2  (cheap + h_i  vs  cheap)   <- candidate-level
layer     0.10    0.20    0.30    0.40    0.50    0.60
    0   -0.000   0.000   0.000   0.000   0.000   0.000
    1   -0.004   0.000   0.000   0.000   0.000  -0.022
    2   -0.002   0.000   0.000   0.019   0.000  -0.005
    3    0.005   0.000   0.000   0.021   0.001  -0.024
    4    0.001   0.000   0.000   0.007  -0.001  -0.029
    5    0.003   0.000   0.000   0.021  -0.000  -0.032
    6    0.004   0.000   0.000   0.019  -0.002  -0.003
    7    0.004   0.001   0.000   0.012  -0.002  -0.016
    8    0.005   0.000   0.002   0.018  -0.002  -0.008
    9    0.001   0.005   0.001   0.016  -0.003  -0.017
   10    0.000   0.002   0.000   0.019  -0.001  -0.009
   11    0.000   0.003   0.000   0.018  -0.001  -0.008
   12    0.000   0.001   0.000   0.000   0.000  -0.007
  max over the whole grid: +0.0214 at layer 3, bin t/T=0.40

Delta within-state CONCORDANCE  (cheap + h_i  vs  cheap)
layer     0.10    0.20    0.30    0.40    0.50    0.60
    0    0.000   0.000   0.000   0.000   0.000   0.000
    1    0.001   0.000   0.000   0.000   0.000  -0.010
    2    0.004   0.000   0.000   0.005   0.000  -0.011
    3    0.007   0.000   0.000   0.007   0.005  -0.012
    4   -0.003   0.001   0.000   0.010   0.005  -0.007
    5    0.003   0.000   0.002   0.005   0.007  -0.007
    6    0.008   0.000   0.002   0.003   0.008  -0.011
    7    0.011   0.001   0.000  -0.002   0.003  -0.016
    8    0.011   0.003   0.003   0.002  -0.004  -0.003
    9    0.001   0.005   0.000   0.003  -0.001  -0.008
   10    0.000   0.001   0.000   0.008  -0.004  -0.007
   11    0.000  -0.003   0.000   0.009  -0.002  -0.007
   12    0.000  -0.003   0.000  -0.001  -0.001  -0.004
  max over the whole grid: +0.0113 at layer 8, bin t/T=0.10

Delta R2  (cheap + h_global  vs  cheap)           <- state-level
layer     0.10    0.20    0.30    0.40    0.50    0.60
    0    0.000   0.022   0.000   0.018  -0.005   0.012
    1    0.000   0.001   0.000   0.000   0.002  -0.010
    2    0.000   0.005   0.000   0.000  -0.000   0.004
    3    0.000   0.028   0.000   0.022  -0.003  -0.013
    4    0.000   0.026   0.000   0.022  -0.003  -0.021
    5    0.000   0.005   0.000   0.008  -0.006  -0.022
    6    0.000   0.019   0.000   0.009   0.002  -0.000
    7    0.002   0.013   0.000   0.024   0.003   0.008
    8    0.000   0.020   0.000   0.015  -0.004   0.002
    9    0.000   0.019   0.000   0.013  -0.004   0.008
   10    0.000   0.022   0.000   0.022  -0.010  -0.022
   11    0.000   0.018   0.000   0.002  -0.013  -0.001
   12    0.000   0.019   0.000   0.000   0.001   0.004
  max over the whole grid: +0.0275 at layer 3, bin t/T=0.20

wrote /home/xqin5/diffusion_LLM/d1_lookahead/results/exp1b_within_state_h32ah32b.json

