[exp1b] tags=['taskA', 'taskB']
[exp1b] 2240 examples, target=A_task

  bin t/T=0.12 done
  bin t/T=0.29 done
  bin t/T=0.46 done
  bin t/T=0.62 done

Delta WITHIN-STATE R2  (cheap + h_i  vs  cheap)   <- candidate-level
layer     0.12    0.29    0.46    0.62
    0   -0.007   0.000   0.000   0.000
    1    0.000   0.001  -0.008   0.000
    2    0.000   0.010  -0.082   0.000
    3    0.000  -0.028  -0.000   0.000
    4   -0.014  -0.019   0.000   0.000
    5   -0.031  -0.046   0.000   0.000
    6   -0.043  -0.042   0.000   0.000
    7   -0.014  -0.091   0.000   0.000
    8   -0.010  -0.105   0.000   0.000
    9    0.000  -0.045   0.000   0.000
   10   -0.014   0.006   0.000   0.000
   11    0.002   0.047   0.000   0.000
   12    0.005  -0.017   0.000   0.000
  max over the whole grid: +0.0474 at layer 11, bin t/T=0.29

Delta within-state CONCORDANCE  (cheap + h_i  vs  cheap)
layer     0.12    0.29    0.46    0.62
    0   -0.030   0.000   0.000   0.000
    1    0.000   0.000  -0.041   0.000
    2    0.000   0.175  -0.082   0.000
    3    0.000   0.150   0.000   0.000
    4   -0.020   0.025   0.000   0.000
    5    0.010  -0.050   0.000   0.000
    6   -0.020   0.000   0.000   0.000
    7   -0.051  -0.025   0.000   0.000
    8   -0.071   0.025   0.000   0.000
    9    0.000   0.150   0.000   0.000
   10   -0.030   0.200   0.000   0.000
   11    0.010   0.275   0.000   0.000
   12    0.141   0.225   0.000   0.000
  max over the whole grid: +0.2750 at layer 11, bin t/T=0.29

Delta R2  (cheap + h_global  vs  cheap)           <- state-level
layer     0.12    0.29    0.46    0.62
    0   -0.057   0.000  -0.018   0.000
    1   -0.026   0.000  -0.028   0.000
    2   -0.005   0.016  -0.033   0.000
    3   -0.033   0.000  -0.015   0.000
    4   -0.077   0.000  -0.012   0.000
    5   -0.042   0.000  -0.013   0.000
    6   -0.080   0.000  -0.073   0.000
    7   -0.172   0.018  -0.026   0.000
    8   -0.172   0.016  -0.007   0.000
    9   -0.138   0.016  -0.007   0.000
   10   -0.114   0.014  -0.012   0.000
   11   -0.108   0.000  -0.006   0.000
   12   -0.069   0.000  -0.001   0.000
  max over the whole grid: +0.0180 at layer 7, bin t/T=0.29

wrote /home/xqin5/diffusion_LLM/d1_lookahead/results/exp1b_within_state_taskAtaskB.json
