[exp1b] tags=['h8a', 'h8b']
[exp1b] 14400 examples, target=A_pertok

  bin t/T=0.10 done
  bin t/T=0.20 done
  bin t/T=0.30 done
  bin t/T=0.40 done
  bin t/T=0.50 done
  bin t/T=0.60 done

Delta WITHIN-STATE R2  (cheap + h_i  vs  cheap)   <- candidate-level
layer     0.10    0.20    0.30    0.40    0.50    0.60
    0    0.000  -0.000   0.000  -0.000  -0.000   0.000
    1    0.002   0.018   0.003   0.000   0.012  -0.002
    2    0.003   0.016   0.002   0.001   0.012   0.003
    3    0.003   0.018  -0.008  -0.030   0.012  -0.020
    4    0.008  -0.000  -0.007  -0.004   0.004   0.002
    5    0.007   0.018  -0.003  -0.008   0.009   0.010
    6    0.009  -0.005  -0.014  -0.014  -0.003  -0.003
    7    0.006  -0.002   0.001  -0.014  -0.001  -0.012
    8    0.014   0.018  -0.005  -0.017  -0.009  -0.014
    9    0.006   0.018  -0.001  -0.021  -0.001  -0.010
   10    0.005   0.019   0.003  -0.014   0.008  -0.019
   11    0.005   0.019   0.004  -0.010   0.011  -0.010
   12    0.005   0.028   0.007  -0.030   0.017  -0.001
  max over the whole grid: +0.0281 at layer 12, bin t/T=0.20

Delta within-state CONCORDANCE  (cheap + h_i  vs  cheap)
layer     0.10    0.20    0.30    0.40    0.50    0.60
    0    0.000   0.000   0.000   0.000   0.000   0.000
    1    0.003   0.005   0.003  -0.002  -0.011  -0.017
    2    0.007  -0.001   0.002  -0.001  -0.011  -0.011
    3    0.006   0.005   0.004   0.000  -0.009  -0.025
    4    0.006  -0.002   0.003   0.003  -0.011  -0.014
    5    0.001   0.003  -0.009   0.002  -0.005  -0.006
    6    0.009  -0.009  -0.004  -0.001  -0.003  -0.011
    7    0.006  -0.006  -0.008   0.001  -0.013  -0.010
    8    0.005   0.003   0.005   0.001  -0.015  -0.013
    9    0.005   0.001  -0.011  -0.007  -0.015  -0.019
   10    0.004   0.004  -0.007  -0.005  -0.009  -0.021
   11    0.002   0.005   0.000   0.002  -0.013  -0.008
   12    0.003   0.000   0.005   0.002  -0.008  -0.001
  max over the whole grid: +0.0087 at layer 6, bin t/T=0.10

Delta R2  (cheap + h_global  vs  cheap)           <- state-level
layer     0.10    0.20    0.30    0.40    0.50    0.60
    0    0.040   0.027   0.003   0.040  -0.012   0.036
    1    0.013   0.035   0.039   0.026  -0.016   0.027
    2    0.033   0.049   0.044   0.032   0.009   0.018
    3    0.035   0.044   0.013   0.054   0.021   0.008
    4    0.056   0.072   0.043   0.063   0.027   0.038
    5    0.061   0.090   0.070   0.077   0.039   0.033
    6    0.069   0.080   0.077   0.082   0.058   0.050
    7    0.069   0.073   0.080   0.080   0.061   0.033
    8    0.058   0.068   0.061   0.084   0.056   0.048
    9    0.049   0.071   0.058   0.082   0.049  -0.017
   10    0.051   0.079   0.060   0.073   0.042   0.006
   11    0.053   0.054   0.052   0.069   0.028   0.005
   12    0.056   0.058   0.045   0.064   0.015   0.035
  max over the whole grid: +0.0904 at layer 5, bin t/T=0.20

wrote /home/xqin5/diffusion_LLM/d1_lookahead/results/exp1b_within_state_h8ah8b.json

