[exp1] 14400 examples, 400 docs, 2400 states, 13 layers
[exp1] noise ceiling for A_pertok: max attainable R2 = 0.809 (label noise var 8.61e-04 of observed 4.51e-03)
[exp1] noise ceiling for A_future: max attainable R2 = 0.577 (label noise var 1.24e-03 of observed 2.93e-03)
[exp1] noise ceiling for V_pertok: n/a (no per-seed replicates stored)

==========================================================================
TARGET A_pertok
==========================================================================
    gamma (hidden-block scale) = 0.03
  seed 0: probe layer chosen on val = 9
    gamma (hidden-block scale) = 0.03
  seed 1: probe layer chosen on val = 9
    gamma (hidden-block scale) = 0.003
  seed 2: probe layer chosen on val = 8

feature block                            R2  Spearman  within-R2  concord
confidence scalars                   0.3312    0.5752     0.5071   0.7663
confidence + trajectory              0.4510    0.6753     0.5272   0.7721
output distribution                  0.3487    0.6015     0.4768   0.7603
ALL cheap controls (C1+C2+C3)        0.4541    0.6775     0.5208   0.7646
h_global only (cannot rank within a state)   0.1038    0.2940     0.0000   0.5000
h_i only (candidate position)        0.1814    0.4369     0.1633   0.6428
hidden only [h_i; h_global]          0.2822    0.5326     0.2366   0.6689
cheap + h_i only                     0.4861    0.7007     0.5242   0.7688
cheap + HIDDEN  <-- primary          0.5396    0.7373     0.5534   0.7788
cheap + hidden, MLP (secondary)      0.4157    0.6511     0.4253   0.7349

  PRIMARY: Delta = (cheap + hidden) - (cheap)
    Delta_r2           per-seed [0.0932, 0.0916, 0.0717]  mean +0.0855  boot 95% CI [+0.0700, +0.1167]  EXCLUDES 0
    Delta_spearman     per-seed [0.0649, 0.0609, 0.0537]  mean +0.0598  boot 95% CI [+0.0467, +0.0825]  EXCLUDES 0
    Delta_within_r2    per-seed [0.0299, 0.0341, 0.0339]  mean +0.0326  boot 95% CI [+0.0208, +0.0388]  EXCLUDES 0
    Delta_concordance  per-seed [0.0117, 0.0146, 0.0163]  mean +0.0142  boot 95% CI [+0.0000, +0.0244]  includes 0
  calibration of predicted advantage (decile bins), slope of actual on predicted = 0.957 (1.0 = calibrated)
     pred  -0.0550 -0.0068 +0.0132 +0.0290 +0.0423 +0.0541 +0.0662 +0.0797 +0.0977 +0.1351
     true  -0.0494 -0.0064 +0.0202 +0.0300 +0.0416 +0.0532 +0.0663 +0.0786 +0.0916 +0.1371
  [secondary, non-decisive] Gaussian I(A ; hidden | cheap) ~ 0.0852 nats
  held-out NATURAL stratum only (n=1800): R2 cheap 0.3935 -> cheap+hidden 0.5062 (Delta +0.1127)

==========================================================================
TARGET A_future
==========================================================================
    gamma (hidden-block scale) = 0.1
  seed 0: probe layer chosen on val = 10
    gamma (hidden-block scale) = 0.3
  seed 1: probe layer chosen on val = 6
    gamma (hidden-block scale) = 0.01
  seed 2: probe layer chosen on val = 8

feature block                            R2  Spearman  within-R2  concord
confidence scalars                   0.1117    0.3392     0.1586   0.6565
confidence + trajectory              0.1341    0.3882     0.1687   0.6601
output distribution                  0.0893    0.2954     0.1304   0.6373
ALL cheap controls (C1+C2+C3)        0.1336    0.3874     0.1689   0.6583
h_global only (cannot rank within a state)   0.0040    0.0999     0.0000   0.5000
h_i only (candidate position)        0.1094    0.3342     0.1455   0.6404
hidden only [h_i; h_global]          0.1143    0.3474     0.1513   0.6440
cheap + h_i only                     0.1484    0.4047     0.1847   0.6676
cheap + HIDDEN  <-- primary          0.1392    0.3918     0.1844   0.6661
cheap + hidden, MLP (secondary)     -0.0095    0.2923     0.0814   0.6353

  PRIMARY: Delta = (cheap + hidden) - (cheap)
    Delta_r2           per-seed [-0.0066, 0.007, 0.0166]  mean +0.0056  boot 95% CI [-0.0218, +0.0082]  includes 0
    Delta_spearman     per-seed [-0.011, 0.0018, 0.0223]  mean +0.0044  boot 95% CI [-0.0322, +0.0097]  includes 0
    Delta_within_r2    per-seed [0.0174, 0.0113, 0.0179]  mean +0.0155  boot 95% CI [+0.0056, +0.0290]  EXCLUDES 0
    Delta_concordance  per-seed [0.0088, 0.0074, 0.0073]  mean +0.0079  boot 95% CI [-0.0049, +0.0222]  includes 0
  calibration of predicted advantage (decile bins), slope of actual on predicted = 0.906 (1.0 = calibrated)
     pred  -0.0368 -0.0167 -0.0063 +0.0016 +0.0083 +0.0138 +0.0189 +0.0242 +0.0304 +0.0410
     true  -0.0369 -0.0137 -0.0026 +0.0058 +0.0096 +0.0171 +0.0235 +0.0221 +0.0247 +0.0338
  [secondary, non-decisive] Gaussian I(A ; hidden | cheap) ~ 0.0033 nats
  held-out NATURAL stratum only (n=1800): R2 cheap 0.1156 -> cheap+hidden 0.1070 (Delta -0.0086)

==========================================================================
TARGET V_pertok
==========================================================================
    gamma (hidden-block scale) = 0.003
  seed 0: probe layer chosen on val = 9
    gamma (hidden-block scale) = 1
  seed 1: probe layer chosen on val = 9
    gamma (hidden-block scale) = 3
  seed 2: probe layer chosen on val = 9

feature block                            R2  Spearman  within-R2  concord
confidence scalars                   0.1106    0.3409        n/a      n/a
confidence + trajectory              0.5653    0.7496        n/a      n/a
output distribution                  0.2390    0.4891        n/a      n/a
ALL cheap controls (C1+C2+C3)        0.6043    0.7724        n/a      n/a
h_global only (cannot rank within a state)   0.9252    0.9578        n/a      n/a
h_i only (candidate position)        0.6181    0.7721        n/a      n/a
hidden only [h_i; h_global]          0.9227    0.9560        n/a      n/a
cheap + h_i only                     0.7384    0.8459        n/a      n/a
cheap + HIDDEN  <-- primary          0.9240    0.9567        n/a      n/a
cheap + hidden, MLP (secondary)      0.8879    0.9394        n/a      n/a

  PRIMARY: Delta = (cheap + hidden) - (cheap)
    Delta_r2           per-seed [0.3581, 0.3253, 0.2757]  mean +0.3197  boot 95% CI [+0.3130, +0.4154]  EXCLUDES 0
    Delta_spearman     per-seed [0.2086, 0.1877, 0.1567]  mean +0.1843  boot 95% CI [+0.1713, +0.2460]  EXCLUDES 0
    Delta_within_r2    n/a (undefined for this target)
    Delta_concordance  n/a (undefined for this target)
  calibration of predicted advantage (decile bins), slope of actual on predicted = 1.006 (1.0 = calibrated)
     pred  -3.0067 -2.6180 -2.2944 -2.0490 -1.8577 -1.6932 -1.5610 -1.4184 -1.2323 -0.9510
     true  -3.0322 -2.6293 -2.3148 -2.0574 -1.8879 -1.6877 -1.5438 -1.3930 -1.2062 -1.0072
  [secondary, non-decisive] Gaussian I(A ; hidden | cheap) ~ 0.8252 nats
  held-out NATURAL stratum only (n=1800): R2 cheap 0.5805 -> cheap+hidden 0.9270 (Delta +0.3465)

  REFIT bootstrap (200 replicates, re-split + re-fit, layer 9) -- includes fitting variability
    Delta_r2           +0.1099  95% CI [+0.0857, +0.1371]  EXCLUDES 0
    Delta_within_r2    +0.0434  95% CI [+0.0307, +0.0575]  EXCLUDES 0
    Delta_concordance  +0.0144  95% CI [+0.0038, +0.0256]  EXCLUDES 0

==========================================================================
layer x diffusion-timestep decodability (Delta R2 over cheap controls)
==========================================================================
layer      t=19     t=38     t=57     t=76     t=96    t=115
    0     0.000   -0.012    0.014    0.029    0.016    0.005
    1     0.005   -0.030    0.014    0.049    0.009    0.015
    2     0.007   -0.008    0.018    0.053    0.021    0.038
    3     0.006    0.018    0.052    0.084    0.026    0.055
    4     0.018    0.058    0.086    0.082    0.036    0.077
    5     0.025    0.060    0.096    0.081    0.051    0.077
    6     0.031    0.060    0.114    0.085    0.063    0.083
    7     0.043    0.059    0.121    0.091    0.064    0.081
    8     0.035    0.064    0.107    0.087    0.067    0.087
    9     0.020    0.068    0.115    0.090    0.064    0.070
   10     0.011    0.052    0.088    0.093    0.062    0.066
   11     0.005    0.032    0.065    0.086    0.057    0.049
   12     0.005    0.025    0.050    0.065    0.061    0.039

[secondary] per-timestep-bin probes, held-out predictions pooled
   A_pertok   Delta_R2 +0.0620   Delta_within_R2 +0.0354   Delta_concord +0.0091
   A_future   Delta_R2 -0.0105   Delta_within_R2 +0.0263   Delta_concord +0.0148
   V_pertok   Delta_R2 +0.2926   Delta_within_R2 +nan   Delta_concord +nan

wrote results/exp1_k24conf/exp1_report.json

