[exp1] NEGATIVE CONTROL active: labels permuted (global)
[exp1] 14400 examples, 400 docs, 2400 states, 13 layers
[exp1] noise ceiling for A_pertok: max attainable R2 = 0.842 (label noise var 5.46e-04 of observed 3.46e-03)

==========================================================================
TARGET A_pertok
==========================================================================
    gamma (hidden-block scale) = 0
  seed 0: probe layer chosen on val = 0  (NB layer 0 h_i is the MASK embedding: constant across masked positions, so it can carry no per-candidate signal)
    gamma (hidden-block scale) = 1
  seed 1: probe layer chosen on val = 6

feature block                            R2  Spearman  within-R2  concord
confidence scalars                  -0.0002    0.0115    -0.0000   0.5015
confidence + trajectory             -0.0002   -0.0011    -0.0001   0.5020
output distribution                 -0.0007   -0.0142    -0.0002   0.4919
ALL cheap controls (C1+C2+C3)       -0.0009   -0.0106    -0.0004   0.4932
h_global only (cannot rank within a state)  -0.0006   -0.0043     0.0000   0.5000
h_i only (candidate position)       -0.0014    0.0004    -0.0004   0.4959
hidden only [h_i; h_global]         -0.0013   -0.0029     0.0000   0.4975
cheap + h_i only                    -0.0016    0.0019    -0.0005   0.4950
cheap + HIDDEN  <-- primary         -0.0014    0.0012    -0.0000   0.4945
cheap + hidden, MLP (secondary)     -0.0764   -0.0043    -0.0442   0.4933

  PRIMARY: Delta = (cheap + hidden) - (cheap)
    Delta_r2           per-seed [0.0, -0.001]  mean -0.0005  boot 95% CI [+0.0000, +0.0000]  includes 0
    Delta_spearman     per-seed [0.0, 0.0235]  mean +0.0118  boot 95% CI [+0.0000, +0.0000]  includes 0
    Delta_within_r2    per-seed [0.0, 0.0008]  mean +0.0004  boot 95% CI [+0.0000, +0.0000]  includes 0
    Delta_concordance  per-seed [0.0, 0.0027]  mean +0.0013  boot 95% CI [+0.0000, +0.0000]  includes 0
  calibration of predicted advantage (decile bins), slope of actual on predicted = 1817.414 (1.0 = calibrated)
     pred  +0.0731 +0.0731 +0.0731 +0.0731 +0.0731 +0.0731 +0.0731 +0.0731 +0.0731 +0.0731
     true  +0.0711 +0.0753 +0.0785 +0.0724 +0.0699 +0.0770 +0.0736 +0.0729 +0.0767 +0.0741
  [secondary, non-decisive] Gaussian I(A ; hidden | cheap) ~ 0.0000 nats
  held-out NATURAL stratum only (n=1800): R2 cheap -0.0002 -> cheap+hidden -0.0002 (Delta +0.0000)

==========================================================================
layer x diffusion-timestep decodability (Delta R2 over cheap controls)
==========================================================================
layer      t=19     t=38     t=57     t=76     t=96    t=115
    0     0.003   -0.006    0.000    0.000    0.000   -0.001
    1     0.000    0.000    0.001    0.000    0.000   -0.001
    2     0.000   -0.003    0.000    0.000    0.000   -0.000
    3     0.000   -0.004    0.000    0.000    0.000   -0.002
    4     0.000   -0.002    0.000    0.000    0.000   -0.010
    5     0.000   -0.000   -0.000    0.000    0.000   -0.011
    6     0.000    0.000   -0.000    0.000    0.000   -0.015
    7     0.000    0.000   -0.000    0.000    0.000   -0.016
    8     0.000    0.000    0.000    0.000    0.000   -0.005
    9     0.000    0.000    0.000    0.000    0.000   -0.024
   10     0.000    0.000    0.000    0.000    0.000   -0.050
   11     0.000    0.000    0.000   -0.063    0.000   -0.040
   12    -0.000    0.000    0.000   -0.001    0.000   -0.038

[secondary] per-timestep-bin probes, held-out predictions pooled
   A_pertok   Delta_R2 -0.0163   Delta_within_R2 -0.0063   Delta_concord -0.0088

wrote results/null_k24/exp1_report.json

