[exp1] 14400 examples, 400 docs, 2400 states, 13 layers
[exp1] noise ceiling for A_pertok: max attainable R2 = 0.809 (label noise var 8.61e-04 of observed 4.51e-03)

==========================================================================
TARGET A_pertok
==========================================================================
    gamma (hidden-block scale) = 0.03
  seed 0: probe layer chosen on val = 9
    gamma (hidden-block scale) = 0.03
  seed 1: probe layer chosen on val = 9
    gamma (hidden-block scale) = 0.003
  seed 2: probe layer chosen on val = 8

feature block                            R2  Spearman  within-R2  concord
confidence scalars                   0.3312    0.5752     0.5071   0.7663
confidence + trajectory              0.4510    0.6753     0.5272   0.7721
output distribution                  0.3487    0.6015     0.4768   0.7603
ALL cheap controls (C1+C2+C3)        0.4541    0.6775     0.5208   0.7646
h_global only (cannot rank within a state)   0.1038    0.2940     0.0000   0.5000
h_i only (candidate position)        0.1814    0.4369     0.1633   0.6428
hidden only [h_i; h_global]          0.2822    0.5326     0.2366   0.6689
cheap + h_i only                     0.4861    0.7007     0.5242   0.7688
cheap + HIDDEN  <-- primary          0.5396    0.7373     0.5534   0.7788
cheap + hidden, MLP (secondary)      0.4157    0.6511     0.4253   0.7349

  PRIMARY: Delta = (cheap + hidden) - (cheap)
    Delta_r2           per-seed [0.0932, 0.0916, 0.0717]  mean +0.0855  boot 95% CI [+0.0678, +0.1165]  EXCLUDES 0
    Delta_spearman     per-seed [0.0649, 0.0609, 0.0537]  mean +0.0598  boot 95% CI [+0.0461, +0.0834]  EXCLUDES 0
    Delta_within_r2    per-seed [0.0299, 0.0341, 0.0339]  mean +0.0326  boot 95% CI [+0.0212, +0.0364]  EXCLUDES 0
    Delta_concordance  per-seed [0.0117, 0.0146, 0.0163]  mean +0.0142  boot 95% CI [+0.0005, +0.0250]  EXCLUDES 0
  calibration of predicted advantage (decile bins), slope of actual on predicted = 0.957 (1.0 = calibrated)
     pred  -0.0550 -0.0068 +0.0132 +0.0290 +0.0423 +0.0541 +0.0662 +0.0797 +0.0977 +0.1351
     true  -0.0494 -0.0064 +0.0202 +0.0300 +0.0416 +0.0532 +0.0663 +0.0786 +0.0916 +0.1371
  [secondary, non-decisive] Gaussian I(A ; hidden | cheap) ~ 0.0852 nats
  held-out NATURAL stratum only (n=1800): R2 cheap 0.3935 -> cheap+hidden 0.5062 (Delta +0.1127)

  REFIT bootstrap (200 replicates, re-split + re-fit, layer 9) -- includes fitting variability
    Delta_r2           +0.0928  95% CI [+0.0644, +0.1277]  EXCLUDES 0
    Delta_within_r2    +0.0314  95% CI [+0.0204, +0.0460]  EXCLUDES 0
    Delta_concordance  +0.0133  95% CI [+0.0003, +0.0256]  EXCLUDES 0

==========================================================================
layer x diffusion-timestep decodability (Delta R2 over cheap controls)
==========================================================================
layer      t=19     t=38     t=57     t=76     t=96    t=115
    0     0.000   -0.012    0.014    0.029    0.016    0.005
    1     0.005   -0.030    0.014    0.049    0.009    0.015
    2     0.007   -0.008    0.018    0.053    0.021    0.038
    3     0.006    0.018    0.052    0.084    0.026    0.055
    4     0.018    0.058    0.086    0.082    0.036    0.077
    5     0.025    0.060    0.096    0.081    0.051    0.077
    6     0.031    0.060    0.114    0.085    0.063    0.083
    7     0.043    0.059    0.121    0.091    0.064    0.081
    8     0.035    0.064    0.107    0.087    0.067    0.087
    9     0.020    0.068    0.115    0.090    0.064    0.070
   10     0.011    0.052    0.088    0.093    0.062    0.066
   11     0.005    0.032    0.065    0.086    0.057    0.049
   12     0.005    0.025    0.050    0.065    0.061    0.039

[secondary] per-timestep-bin probes, held-out predictions pooled
   A_pertok   Delta_R2 +0.0620   Delta_within_R2 +0.0354   Delta_concord +0.0091

wrote results/refit_fixed_conf/exp1_report.json

