fold 0: bilinear 0.4884, no-interaction 0.5082, delta -0.0199
fold 1: bilinear 0.5355, no-interaction 0.5313, delta +0.0042
fold 2: bilinear 0.4991, no-interaction 0.5511, delta -0.0519
fold 3: bilinear 0.4737, no-interaction 0.4420, delta +0.0317
fold 4: bilinear 0.5082, no-interaction 0.4966, delta +0.0116
{
  "bilinear_vs_no_state_interaction": {
    "observed": -0.0022355735643426744,
    "bootstrap_mean": -0.0021389659380678877,
    "ci_lo": -0.021995213312236958,
    "ci_hi": 0.01738639981511483,
    "p_le_zero": 0.5858,
    "n_boot": 10000
  },
  "bilinear_vs_cheap_only": {
    "observed": 0.014251781472684022,
    "bootstrap_mean": 0.014327617093810982,
    "ci_lo": -0.009098741412529312,
    "ci_hi": 0.03693673528509743,
    "p_le_zero": 0.1097,
    "n_boot": 10000
  },
  "bilinear_vs_shuffled_hg": {
    "observed": 0.01578873829816957,
    "bootstrap_mean": 0.015895690071009837,
    "ci_lo": -0.005884083565805778,
    "ci_hi": 0.03775522344919642,
    "p_le_zero": 0.0777,
    "n_boot": 10000
  },
  "bilinear_vs_gaussian_hg": {
    "observed": -0.00516976386754231,
    "bootstrap_mean": -0.005108986263984773,
    "ci_lo": -0.027759612000205724,
    "ci_hi": 0.01796174563713533,
    "p_le_zero": 0.6711,
    "n_boot": 10000
  }
}
wrote rescue_audit/results/taskCD_crossfit_confirmatory.json
